[27/05/2026, 14:25:44] [INFO] ✅ Servidor J&E rodando na porta 3000 com prefixo public.
[27/05/2026, 14:25:58] [INFO] Tentativa de login: Teste
[27/05/2026, 14:26:15] [INFO] Tentativa de login: Saul
[27/05/2026, 14:33:01] [INFO] ✅ Servidor J&E rodando na porta 3000 com prefixo public.
[27/05/2026, 14:33:49] [INFO] Tentativa de login: Teste
[27/05/2026, 14:34:16] [INFO] Tentativa de login: Teste
[27/05/2026, 14:34:50] [INFO] Dados recebidos para ajuste: {"id":22,"onda":"ONDA B","novaQuantidade":9000,"novoComprimento":1200,"novaLargura":1200,"novoFornecedor":"Suzano"}
[27/05/2026, 14:35:02] [INFO] Ondas encontradas e formatadas: [{"onda":"ONDA BC"},{"onda":"ONDA BB"},{"onda":"ONDA B"},{"onda":"ONDA BC"},{"onda":"ONDA C"}]
[27/05/2026, 14:35:08] [INFO] Ondas encontradas e formatadas: [{"onda":"ONDA BC"},{"onda":"ONDA BB"},{"onda":"ONDA B"},{"onda":"ONDA BC"},{"onda":"ONDA C"}]
[27/05/2026, 14:35:08] [INFO] Ondas encontradas e formatadas: [{"onda":"ONDA BC"},{"onda":"ONDA BB"},{"onda":"ONDA B"},{"onda":"ONDA BC"},{"onda":"ONDA C"}]
[27/05/2026, 14:35:08] [INFO] Ondas encontradas e formatadas: [{"onda":"ONDA BC"},{"onda":"ONDA BB"},{"onda":"ONDA B"},{"onda":"ONDA BC"},{"onda":"ONDA C"}]
[27/05/2026, 14:35:08] [INFO] Ondas encontradas e formatadas: [{"onda":"ONDA BC"},{"onda":"ONDA BB"},{"onda":"ONDA B"},{"onda":"ONDA BC"},{"onda":"ONDA C"}]
[27/05/2026, 14:35:08] [INFO] Ondas encontradas e formatadas: [{"onda":"ONDA BC"},{"onda":"ONDA BB"},{"onda":"ONDA B"},{"onda":"ONDA BC"},{"onda":"ONDA C"}]
[27/05/2026, 14:35:09] [INFO] Ondas encontradas e formatadas: [{"onda":"ONDA BC"},{"onda":"ONDA BB"},{"onda":"ONDA B"},{"onda":"ONDA BC"},{"onda":"ONDA C"}]
[27/05/2026, 14:35:09] [INFO] Ondas encontradas e formatadas: [{"onda":"ONDA BC"},{"onda":"ONDA BB"},{"onda":"ONDA B"},{"onda":"ONDA BC"},{"onda":"ONDA C"}]
[27/05/2026, 14:35:09] [INFO] Ondas encontradas e formatadas: [{"onda":"ONDA BC"},{"onda":"ONDA BB"},{"onda":"ONDA B"},{"onda":"ONDA BC"},{"onda":"ONDA C"}]
[27/05/2026, 14:35:09] [INFO] Ondas encontradas e formatadas: [{"onda":"ONDA BC"},{"onda":"ONDA BB"},{"onda":"ONDA B"},{"onda":"ONDA BC"},{"onda":"ONDA C"}]
[27/05/2026, 14:35:09] [INFO] Ondas encontradas e formatadas: [{"onda":"ONDA BC"},{"onda":"ONDA BB"},{"onda":"ONDA B"},{"onda":"ONDA BC"},{"onda":"ONDA C"}]
[27/05/2026, 14:35:09] [INFO] Ondas encontradas e formatadas: [{"onda":"ONDA BC"},{"onda":"ONDA BB"},{"onda":"ONDA B"},{"onda":"ONDA BC"},{"onda":"ONDA C"}]
[27/05/2026, 14:35:09] [INFO] Ondas encontradas e formatadas: [{"onda":"ONDA BC"},{"onda":"ONDA BB"},{"onda":"ONDA B"},{"onda":"ONDA BC"},{"onda":"ONDA C"}]
[27/05/2026, 14:35:10] [INFO] Ondas encontradas e formatadas: [{"onda":"ONDA BC"},{"onda":"ONDA BB"},{"onda":"ONDA B"},{"onda":"ONDA BC"},{"onda":"ONDA C"}]
[27/05/2026, 14:35:10] [INFO] Ondas encontradas e formatadas: [{"onda":"ONDA BC"},{"onda":"ONDA BB"},{"onda":"ONDA B"},{"onda":"ONDA BC"},{"onda":"ONDA C"}]
[27/05/2026, 14:35:10] [INFO] Ondas encontradas e formatadas: [{"onda":"ONDA BC"},{"onda":"ONDA BB"},{"onda":"ONDA B"},{"onda":"ONDA BC"},{"onda":"ONDA C"}]
[27/05/2026, 14:35:10] [INFO] Ondas encontradas e formatadas: [{"onda":"ONDA BC"},{"onda":"ONDA BB"},{"onda":"ONDA B"},{"onda":"ONDA BC"},{"onda":"ONDA C"}]
[27/05/2026, 14:35:10] [INFO] Ondas encontradas e formatadas: [{"onda":"ONDA BC"},{"onda":"ONDA BB"},{"onda":"ONDA B"},{"onda":"ONDA BC"},{"onda":"ONDA C"}]
[27/05/2026, 14:35:10] [INFO] Ondas encontradas e formatadas: [{"onda":"ONDA BC"},{"onda":"ONDA BB"},{"onda":"ONDA B"},{"onda":"ONDA BC"},{"onda":"ONDA C"}]
[27/05/2026, 14:35:11] [INFO] Ondas encontradas e formatadas: [{"onda":"ONDA BC"},{"onda":"ONDA BB"},{"onda":"ONDA B"},{"onda":"ONDA BC"},{"onda":"ONDA C"}]
[27/05/2026, 14:35:11] [INFO] Ondas encontradas e formatadas: [{"onda":"ONDA BC"},{"onda":"ONDA BB"},{"onda":"ONDA B"},{"onda":"ONDA BC"},{"onda":"ONDA C"}]
[27/05/2026, 14:35:11] [INFO] Ondas encontradas e formatadas: [{"onda":"ONDA BC"},{"onda":"ONDA BB"},{"onda":"ONDA B"},{"onda":"ONDA BC"},{"onda":"ONDA C"}]
[27/05/2026, 14:35:11] [INFO] Ondas encontradas e formatadas: [{"onda":"ONDA BC"},{"onda":"ONDA BB"},{"onda":"ONDA B"},{"onda":"ONDA BC"},{"onda":"ONDA C"}]
[27/05/2026, 14:35:11] [INFO] Ondas encontradas e formatadas: [{"onda":"ONDA BC"},{"onda":"ONDA BB"},{"onda":"ONDA B"},{"onda":"ONDA BC"},{"onda":"ONDA C"}]
[27/05/2026, 14:35:11] [INFO] Ondas encontradas e formatadas: [{"onda":"ONDA BC"},{"onda":"ONDA BB"},{"onda":"ONDA B"},{"onda":"ONDA BC"},{"onda":"ONDA C"}]
[27/05/2026, 14:35:11] [INFO] Ondas encontradas e formatadas: [{"onda":"ONDA BC"},{"onda":"ONDA BB"},{"onda":"ONDA B"},{"onda":"ONDA BC"},{"onda":"ONDA C"}]
[27/05/2026, 14:35:12] [INFO] Ondas encontradas e formatadas: [{"onda":"ONDA BC"},{"onda":"ONDA BB"},{"onda":"ONDA B"},{"onda":"ONDA BC"},{"onda":"ONDA C"}]
[27/05/2026, 14:35:12] [INFO] Ondas encontradas e formatadas: [{"onda":"ONDA BC"},{"onda":"ONDA BB"},{"onda":"ONDA B"},{"onda":"ONDA BC"},{"onda":"ONDA C"}]
[27/05/2026, 14:35:12] [INFO] Ondas encontradas e formatadas: [{"onda":"ONDA BC"},{"onda":"ONDA BB"},{"onda":"ONDA B"},{"onda":"ONDA BC"},{"onda":"ONDA C"}]
[27/05/2026, 14:35:12] [INFO] Ondas encontradas e formatadas: [{"onda":"ONDA BC"},{"onda":"ONDA BB"},{"onda":"ONDA B"},{"onda":"ONDA BC"},{"onda":"ONDA C"}]
[27/05/2026, 14:35:12] [INFO] Ondas encontradas e formatadas: [{"onda":"ONDA BC"},{"onda":"ONDA BB"},{"onda":"ONDA B"},{"onda":"ONDA BC"},{"onda":"ONDA C"}]
[27/05/2026, 14:35:12] [INFO] Ondas encontradas e formatadas: [{"onda":"ONDA BC"},{"onda":"ONDA BB"},{"onda":"ONDA B"},{"onda":"ONDA BC"},{"onda":"ONDA C"}]
[27/05/2026, 14:35:13] [INFO] Ondas encontradas e formatadas: [{"onda":"ONDA BC"},{"onda":"ONDA BB"},{"onda":"ONDA B"},{"onda":"ONDA BC"},{"onda":"ONDA C"}]
[27/05/2026, 14:35:13] [INFO] Ondas encontradas e formatadas: [{"onda":"ONDA BC"},{"onda":"ONDA BB"},{"onda":"ONDA B"},{"onda":"ONDA BC"},{"onda":"ONDA C"}]
[27/05/2026, 14:35:13] [INFO] Ondas encontradas e formatadas: [{"onda":"ONDA BC"},{"onda":"ONDA BB"},{"onda":"ONDA B"},{"onda":"ONDA BC"},{"onda":"ONDA C"}]
[27/05/2026, 14:35:13] [INFO] Ondas encontradas e formatadas: [{"onda":"ONDA BC"},{"onda":"ONDA BB"},{"onda":"ONDA B"},{"onda":"ONDA BC"},{"onda":"ONDA C"}]
[27/05/2026, 14:35:13] [INFO] Ondas encontradas e formatadas: [{"onda":"ONDA BC"},{"onda":"ONDA BB"},{"onda":"ONDA B"},{"onda":"ONDA BC"},{"onda":"ONDA C"}]
[27/05/2026, 14:35:13] [INFO] Ondas encontradas e formatadas: [{"onda":"ONDA BC"},{"onda":"ONDA BB"},{"onda":"ONDA B"},{"onda":"ONDA BC"},{"onda":"ONDA C"}]
[27/05/2026, 14:35:13] [INFO] Ondas encontradas e formatadas: [{"onda":"ONDA BC"},{"onda":"ONDA BB"},{"onda":"ONDA B"},{"onda":"ONDA BC"},{"onda":"ONDA C"}]
[27/05/2026, 14:35:14] [INFO] Ondas encontradas e formatadas: [{"onda":"ONDA BC"},{"onda":"ONDA BB"},{"onda":"ONDA B"},{"onda":"ONDA BC"},{"onda":"ONDA C"}]
[27/05/2026, 14:35:14] [INFO] Ondas encontradas e formatadas: [{"onda":"ONDA BC"},{"onda":"ONDA BB"},{"onda":"ONDA B"},{"onda":"ONDA BC"},{"onda":"ONDA C"}]
[27/05/2026, 14:35:14] [INFO] Ondas encontradas e formatadas: [{"onda":"ONDA BC"},{"onda":"ONDA BB"},{"onda":"ONDA B"},{"onda":"ONDA BC"},{"onda":"ONDA C"}]
[27/05/2026, 14:35:14] [INFO] Ondas encontradas e formatadas: [{"onda":"ONDA BC"},{"onda":"ONDA BB"},{"onda":"ONDA B"},{"onda":"ONDA BC"},{"onda":"ONDA C"}]
[27/05/2026, 14:35:14] [INFO] Ondas encontradas e formatadas: [{"onda":"ONDA BC"},{"onda":"ONDA BB"},{"onda":"ONDA B"},{"onda":"ONDA BC"},{"onda":"ONDA C"}]
[27/05/2026, 14:35:14] [INFO] Ondas encontradas e formatadas: [{"onda":"ONDA BC"},{"onda":"ONDA BB"},{"onda":"ONDA B"},{"onda":"ONDA BC"},{"onda":"ONDA C"}]
[27/05/2026, 14:35:15] [INFO] Ondas encontradas e formatadas: [{"onda":"ONDA BC"},{"onda":"ONDA BB"},{"onda":"ONDA B"},{"onda":"ONDA BC"},{"onda":"ONDA C"}]
[27/05/2026, 14:35:15] [INFO] Ondas encontradas e formatadas: [{"onda":"ONDA BC"},{"onda":"ONDA BB"},{"onda":"ONDA B"},{"onda":"ONDA BC"},{"onda":"ONDA C"}]
[27/05/2026, 14:35:15] [INFO] Ondas encontradas e formatadas: [{"onda":"ONDA BC"},{"onda":"ONDA BB"},{"onda":"ONDA B"},{"onda":"ONDA BC"},{"onda":"ONDA C"}]
[27/05/2026, 14:35:15] [INFO] Ondas encontradas e formatadas: [{"onda":"ONDA BC"},{"onda":"ONDA BB"},{"onda":"ONDA B"},{"onda":"ONDA BC"},{"onda":"ONDA C"}]
[27/05/2026, 14:35:15] [INFO] Ondas encontradas e formatadas: [{"onda":"ONDA BC"},{"onda":"ONDA BB"},{"onda":"ONDA B"},{"onda":"ONDA BC"},{"onda":"ONDA C"}]
[27/05/2026, 14:36:00] [INFO] Ondas encontradas e formatadas: [{"onda":"ONDA BC"},{"onda":"ONDA BB"},{"onda":"ONDA B"},{"onda":"ONDA BC"},{"onda":"ONDA C"}]
[27/05/2026, 14:36:00] [INFO] Ondas encontradas e formatadas: [{"onda":"ONDA BC"},{"onda":"ONDA BB"},{"onda":"ONDA B"},{"onda":"ONDA BC"},{"onda":"ONDA C"}]
[27/05/2026, 14:36:00] [INFO] Ondas encontradas e formatadas: [{"onda":"ONDA BC"},{"onda":"ONDA BB"},{"onda":"ONDA B"},{"onda":"ONDA BC"},{"onda":"ONDA C"}]
[27/05/2026, 14:36:00] [INFO] Ondas encontradas e formatadas: [{"onda":"ONDA BC"},{"onda":"ONDA BB"},{"onda":"ONDA B"},{"onda":"ONDA BC"},{"onda":"ONDA C"}]
[27/05/2026, 14:36:01] [INFO] Ondas encontradas e formatadas: [{"onda":"ONDA BC"},{"onda":"ONDA BB"},{"onda":"ONDA B"},{"onda":"ONDA BC"},{"onda":"ONDA C"}]
[27/05/2026, 14:36:01] [INFO] Ondas encontradas e formatadas: [{"onda":"ONDA BC"},{"onda":"ONDA BB"},{"onda":"ONDA B"},{"onda":"ONDA BC"},{"onda":"ONDA C"}]
[27/05/2026, 14:36:01] [INFO] Ondas encontradas e formatadas: [{"onda":"ONDA BC"},{"onda":"ONDA BB"},{"onda":"ONDA B"},{"onda":"ONDA BC"},{"onda":"ONDA C"}]
[27/05/2026, 14:36:01] [INFO] Ondas encontradas e formatadas: [{"onda":"ONDA BC"},{"onda":"ONDA BB"},{"onda":"ONDA B"},{"onda":"ONDA BC"},{"onda":"ONDA C"}]
[27/05/2026, 14:36:01] [INFO] Ondas encontradas e formatadas: [{"onda":"ONDA BC"},{"onda":"ONDA BB"},{"onda":"ONDA B"},{"onda":"ONDA BC"},{"onda":"ONDA C"}]
[27/05/2026, 14:36:02] [INFO] Ondas encontradas e formatadas: [{"onda":"ONDA BC"},{"onda":"ONDA BB"},{"onda":"ONDA B"},{"onda":"ONDA BC"},{"onda":"ONDA C"}]
[27/05/2026, 14:36:02] [INFO] Ondas encontradas e formatadas: [{"onda":"ONDA BC"},{"onda":"ONDA BB"},{"onda":"ONDA B"},{"onda":"ONDA BC"},{"onda":"ONDA C"}]
[27/05/2026, 14:36:02] [INFO] Ondas encontradas e formatadas: [{"onda":"ONDA BC"},{"onda":"ONDA BB"},{"onda":"ONDA B"},{"onda":"ONDA BC"},{"onda":"ONDA C"}]
[27/05/2026, 14:36:02] [INFO] Ondas encontradas e formatadas: [{"onda":"ONDA BC"},{"onda":"ONDA BB"},{"onda":"ONDA B"},{"onda":"ONDA BC"},{"onda":"ONDA C"}]
[27/05/2026, 14:36:02] [INFO] Ondas encontradas e formatadas: [{"onda":"ONDA BC"},{"onda":"ONDA BB"},{"onda":"ONDA B"},{"onda":"ONDA BC"},{"onda":"ONDA C"}]
[27/05/2026, 14:36:02] [INFO] Ondas encontradas e formatadas: [{"onda":"ONDA BC"},{"onda":"ONDA BB"},{"onda":"ONDA B"},{"onda":"ONDA BC"},{"onda":"ONDA C"}]
[27/05/2026, 14:36:03] [INFO] Ondas encontradas e formatadas: [{"onda":"ONDA BC"},{"onda":"ONDA BB"},{"onda":"ONDA B"},{"onda":"ONDA BC"},{"onda":"ONDA C"}]
[27/05/2026, 14:36:03] [INFO] Ondas encontradas e formatadas: [{"onda":"ONDA BC"},{"onda":"ONDA BB"},{"onda":"ONDA B"},{"onda":"ONDA BC"},{"onda":"ONDA C"}]
[27/05/2026, 14:36:03] [INFO] Ondas encontradas e formatadas: [{"onda":"ONDA BC"},{"onda":"ONDA BB"},{"onda":"ONDA B"},{"onda":"ONDA BC"},{"onda":"ONDA C"}]
[27/05/2026, 14:36:03] [INFO] Ondas encontradas e formatadas: [{"onda":"ONDA BC"},{"onda":"ONDA BB"},{"onda":"ONDA B"},{"onda":"ONDA BC"},{"onda":"ONDA C"}]
[27/05/2026, 14:36:03] [INFO] Ondas encontradas e formatadas: [{"onda":"ONDA BC"},{"onda":"ONDA BB"},{"onda":"ONDA B"},{"onda":"ONDA BC"},{"onda":"ONDA C"}]
[27/05/2026, 14:36:03] [INFO] Ondas encontradas e formatadas: [{"onda":"ONDA BC"},{"onda":"ONDA BB"},{"onda":"ONDA B"},{"onda":"ONDA BC"},{"onda":"ONDA C"}]
[27/05/2026, 14:36:04] [INFO] Ondas encontradas e formatadas: [{"onda":"ONDA BC"},{"onda":"ONDA BB"},{"onda":"ONDA B"},{"onda":"ONDA BC"},{"onda":"ONDA C"}]
[27/05/2026, 14:36:04] [INFO] Ondas encontradas e formatadas: [{"onda":"ONDA BC"},{"onda":"ONDA BB"},{"onda":"ONDA B"},{"onda":"ONDA BC"},{"onda":"ONDA C"}]
[27/05/2026, 14:36:04] [INFO] Ondas encontradas e formatadas: [{"onda":"ONDA BC"},{"onda":"ONDA BB"},{"onda":"ONDA B"},{"onda":"ONDA BC"},{"onda":"ONDA C"}]
[27/05/2026, 14:36:04] [INFO] Ondas encontradas e formatadas: [{"onda":"ONDA BC"},{"onda":"ONDA BB"},{"onda":"ONDA B"},{"onda":"ONDA BC"},{"onda":"ONDA C"}]
[27/05/2026, 14:36:04] [INFO] Ondas encontradas e formatadas: [{"onda":"ONDA BC"},{"onda":"ONDA BB"},{"onda":"ONDA B"},{"onda":"ONDA BC"},{"onda":"ONDA C"}]
[27/05/2026, 14:36:05] [INFO] Ondas encontradas e formatadas: [{"onda":"ONDA BC"},{"onda":"ONDA BB"},{"onda":"ONDA B"},{"onda":"ONDA BC"},{"onda":"ONDA C"}]
[27/05/2026, 14:36:10] [INFO] Ondas encontradas e formatadas: [{"onda":"ONDA BC"},{"onda":"ONDA BB"},{"onda":"ONDA B"},{"onda":"ONDA BC"},{"onda":"ONDA C"}]
[27/05/2026, 14:36:10] [INFO] Ondas encontradas e formatadas: [{"onda":"ONDA BC"},{"onda":"ONDA BB"},{"onda":"ONDA B"},{"onda":"ONDA BC"},{"onda":"ONDA C"}]
[27/05/2026, 14:36:10] [INFO] Ondas encontradas e formatadas: [{"onda":"ONDA BC"},{"onda":"ONDA BB"},{"onda":"ONDA B"},{"onda":"ONDA BC"},{"onda":"ONDA C"}]
[27/05/2026, 14:36:10] [INFO] Ondas encontradas e formatadas: [{"onda":"ONDA BC"},{"onda":"ONDA BB"},{"onda":"ONDA B"},{"onda":"ONDA BC"},{"onda":"ONDA C"}]
[27/05/2026, 14:36:11] [INFO] Ondas encontradas e formatadas: [{"onda":"ONDA BC"},{"onda":"ONDA BB"},{"onda":"ONDA B"},{"onda":"ONDA BC"},{"onda":"ONDA C"}]
[27/05/2026, 14:36:11] [INFO] Ondas encontradas e formatadas: [{"onda":"ONDA BC"},{"onda":"ONDA BB"},{"onda":"ONDA B"},{"onda":"ONDA BC"},{"onda":"ONDA C"}]
[27/05/2026, 14:36:11] [INFO] Ondas encontradas e formatadas: [{"onda":"ONDA BC"},{"onda":"ONDA BB"},{"onda":"ONDA B"},{"onda":"ONDA BC"},{"onda":"ONDA C"}]
[27/05/2026, 14:36:11] [INFO] Ondas encontradas e formatadas: [{"onda":"ONDA BC"},{"onda":"ONDA BB"},{"onda":"ONDA B"},{"onda":"ONDA BC"},{"onda":"ONDA C"}]
[27/05/2026, 14:36:11] [INFO] Ondas encontradas e formatadas: [{"onda":"ONDA BC"},{"onda":"ONDA BB"},{"onda":"ONDA B"},{"onda":"ONDA BC"},{"onda":"ONDA C"}]
[27/05/2026, 14:36:12] [INFO] Ondas encontradas e formatadas: [{"onda":"ONDA BC"},{"onda":"ONDA BB"},{"onda":"ONDA B"},{"onda":"ONDA BC"},{"onda":"ONDA C"}]
[27/05/2026, 14:36:12] [INFO] Ondas encontradas e formatadas: [{"onda":"ONDA BC"},{"onda":"ONDA BB"},{"onda":"ONDA B"},{"onda":"ONDA BC"},{"onda":"ONDA C"}]
[27/05/2026, 14:36:12] [INFO] Ondas encontradas e formatadas: [{"onda":"ONDA BC"},{"onda":"ONDA BB"},{"onda":"ONDA B"},{"onda":"ONDA BC"},{"onda":"ONDA C"}]
[27/05/2026, 14:36:12] [INFO] Ondas encontradas e formatadas: [{"onda":"ONDA BC"},{"onda":"ONDA BB"},{"onda":"ONDA B"},{"onda":"ONDA BC"},{"onda":"ONDA C"}]
[27/05/2026, 14:36:12] [INFO] Ondas encontradas e formatadas: [{"onda":"ONDA BC"},{"onda":"ONDA BB"},{"onda":"ONDA B"},{"onda":"ONDA BC"},{"onda":"ONDA C"}]
[27/05/2026, 14:36:12] [INFO] Ondas encontradas e formatadas: [{"onda":"ONDA BC"},{"onda":"ONDA BB"},{"onda":"ONDA B"},{"onda":"ONDA BC"},{"onda":"ONDA C"}]
[27/05/2026, 14:36:13] [INFO] Ondas encontradas e formatadas: [{"onda":"ONDA BC"},{"onda":"ONDA BB"},{"onda":"ONDA B"},{"onda":"ONDA BC"},{"onda":"ONDA C"}]
[27/05/2026, 14:36:13] [INFO] Ondas encontradas e formatadas: [{"onda":"ONDA BC"},{"onda":"ONDA BB"},{"onda":"ONDA B"},{"onda":"ONDA BC"},{"onda":"ONDA C"}]
[27/05/2026, 14:36:13] [INFO] Ondas encontradas e formatadas: [{"onda":"ONDA BC"},{"onda":"ONDA BB"},{"onda":"ONDA B"},{"onda":"ONDA BC"},{"onda":"ONDA C"}]
[27/05/2026, 14:36:13] [INFO] Ondas encontradas e formatadas: [{"onda":"ONDA BC"},{"onda":"ONDA BB"},{"onda":"ONDA B"},{"onda":"ONDA BC"},{"onda":"ONDA C"}]
[27/05/2026, 14:36:13] [INFO] Ondas encontradas e formatadas: [{"onda":"ONDA BC"},{"onda":"ONDA BB"},{"onda":"ONDA B"},{"onda":"ONDA BC"},{"onda":"ONDA C"}]
[27/05/2026, 14:36:13] [INFO] Ondas encontradas e formatadas: [{"onda":"ONDA BC"},{"onda":"ONDA BB"},{"onda":"ONDA B"},{"onda":"ONDA BC"},{"onda":"ONDA C"}]
[27/05/2026, 14:36:14] [INFO] Ondas encontradas e formatadas: [{"onda":"ONDA BC"},{"onda":"ONDA BB"},{"onda":"ONDA B"},{"onda":"ONDA BC"},{"onda":"ONDA C"}]
[27/05/2026, 14:36:14] [INFO] Ondas encontradas e formatadas: [{"onda":"ONDA BC"},{"onda":"ONDA BB"},{"onda":"ONDA B"},{"onda":"ONDA BC"},{"onda":"ONDA C"}]
[27/05/2026, 14:36:14] [INFO] Ondas encontradas e formatadas: [{"onda":"ONDA BC"},{"onda":"ONDA BB"},{"onda":"ONDA B"},{"onda":"ONDA BC"},{"onda":"ONDA C"}]
[27/05/2026, 14:36:14] [INFO] Ondas encontradas e formatadas: [{"onda":"ONDA BC"},{"onda":"ONDA BB"},{"onda":"ONDA B"},{"onda":"ONDA BC"},{"onda":"ONDA C"}]
[27/05/2026, 14:36:14] [INFO] Ondas encontradas e formatadas: [{"onda":"ONDA BC"},{"onda":"ONDA BB"},{"onda":"ONDA B"},{"onda":"ONDA BC"},{"onda":"ONDA C"}]
[27/05/2026, 14:36:14] [INFO] Ondas encontradas e formatadas: [{"onda":"ONDA BC"},{"onda":"ONDA BB"},{"onda":"ONDA B"},{"onda":"ONDA BC"},{"onda":"ONDA C"}]
[27/05/2026, 14:36:15] [INFO] Ondas encontradas e formatadas: [{"onda":"ONDA BC"},{"onda":"ONDA BB"},{"onda":"ONDA B"},{"onda":"ONDA BC"},{"onda":"ONDA C"}]
[27/05/2026, 14:36:15] [INFO] Ondas encontradas e formatadas: [{"onda":"ONDA BC"},{"onda":"ONDA BB"},{"onda":"ONDA B"},{"onda":"ONDA BC"},{"onda":"ONDA C"}]
[27/05/2026, 14:36:15] [INFO] Ondas encontradas e formatadas: [{"onda":"ONDA BC"},{"onda":"ONDA BB"},{"onda":"ONDA B"},{"onda":"ONDA BC"},{"onda":"ONDA C"}]
[27/05/2026, 14:36:15] [INFO] Ondas encontradas e formatadas: [{"onda":"ONDA BC"},{"onda":"ONDA BB"},{"onda":"ONDA B"},{"onda":"ONDA BC"},{"onda":"ONDA C"}]
[27/05/2026, 14:36:15] [INFO] Ondas encontradas e formatadas: [{"onda":"ONDA BC"},{"onda":"ONDA BB"},{"onda":"ONDA B"},{"onda":"ONDA BC"},{"onda":"ONDA C"}]
[27/05/2026, 14:36:16] [INFO] Ondas encontradas e formatadas: [{"onda":"ONDA BC"},{"onda":"ONDA BB"},{"onda":"ONDA B"},{"onda":"ONDA BC"},{"onda":"ONDA C"}]
[27/05/2026, 14:36:16] [INFO] Ondas encontradas e formatadas: [{"onda":"ONDA BC"},{"onda":"ONDA BB"},{"onda":"ONDA B"},{"onda":"ONDA BC"},{"onda":"ONDA C"}]
[27/05/2026, 14:36:16] [INFO] Ondas encontradas e formatadas: [{"onda":"ONDA BC"},{"onda":"ONDA BB"},{"onda":"ONDA B"},{"onda":"ONDA BC"},{"onda":"ONDA C"}]
[27/05/2026, 14:36:16] [INFO] Ondas encontradas e formatadas: [{"onda":"ONDA BC"},{"onda":"ONDA BB"},{"onda":"ONDA B"},{"onda":"ONDA BC"},{"onda":"ONDA C"}]
[27/05/2026, 14:36:16] [INFO] Ondas encontradas e formatadas: [{"onda":"ONDA BC"},{"onda":"ONDA BB"},{"onda":"ONDA B"},{"onda":"ONDA BC"},{"onda":"ONDA C"}]
[27/05/2026, 14:36:16] [INFO] Ondas encontradas e formatadas: [{"onda":"ONDA BC"},{"onda":"ONDA BB"},{"onda":"ONDA B"},{"onda":"ONDA BC"},{"onda":"ONDA C"}]
[27/05/2026, 14:36:17] [INFO] Ondas encontradas e formatadas: [{"onda":"ONDA BC"},{"onda":"ONDA BB"},{"onda":"ONDA B"},{"onda":"ONDA BC"},{"onda":"ONDA C"}]
[27/05/2026, 14:36:17] [INFO] Ondas encontradas e formatadas: [{"onda":"ONDA BC"},{"onda":"ONDA BB"},{"onda":"ONDA B"},{"onda":"ONDA BC"},{"onda":"ONDA C"}]
[27/05/2026, 14:36:17] [INFO] Ondas encontradas e formatadas: [{"onda":"ONDA BC"},{"onda":"ONDA BB"},{"onda":"ONDA B"},{"onda":"ONDA BC"},{"onda":"ONDA C"}]
[27/05/2026, 14:36:17] [INFO] Ondas encontradas e formatadas: [{"onda":"ONDA BC"},{"onda":"ONDA BB"},{"onda":"ONDA B"},{"onda":"ONDA BC"},{"onda":"ONDA C"}]
[27/05/2026, 14:36:17] [INFO] Ondas encontradas e formatadas: [{"onda":"ONDA BC"},{"onda":"ONDA BB"},{"onda":"ONDA B"},{"onda":"ONDA BC"},{"onda":"ONDA C"}]
[27/05/2026, 14:36:17] [INFO] Ondas encontradas e formatadas: [{"onda":"ONDA BC"},{"onda":"ONDA BB"},{"onda":"ONDA B"},{"onda":"ONDA BC"},{"onda":"ONDA C"}]
[27/05/2026, 14:36:18] [INFO] Ondas encontradas e formatadas: [{"onda":"ONDA BC"},{"onda":"ONDA BB"},{"onda":"ONDA B"},{"onda":"ONDA BC"},{"onda":"ONDA C"}]
[27/05/2026, 14:36:18] [INFO] Ondas encontradas e formatadas: [{"onda":"ONDA BC"},{"onda":"ONDA BB"},{"onda":"ONDA B"},{"onda":"ONDA BC"},{"onda":"ONDA C"}]
[27/05/2026, 14:36:18] [INFO] Ondas encontradas e formatadas: [{"onda":"ONDA BC"},{"onda":"ONDA BB"},{"onda":"ONDA B"},{"onda":"ONDA BC"},{"onda":"ONDA C"}]
[27/05/2026, 14:36:18] [INFO] Ondas encontradas e formatadas: [{"onda":"ONDA BC"},{"onda":"ONDA BB"},{"onda":"ONDA B"},{"onda":"ONDA BC"},{"onda":"ONDA C"}]
[27/05/2026, 14:36:19] [INFO] Ondas encontradas e formatadas: [{"onda":"ONDA BC"},{"onda":"ONDA BB"},{"onda":"ONDA B"},{"onda":"ONDA BC"},{"onda":"ONDA C"}]
[27/05/2026, 14:36:19] [INFO] Ondas encontradas e formatadas: [{"onda":"ONDA BC"},{"onda":"ONDA BB"},{"onda":"ONDA B"},{"onda":"ONDA BC"},{"onda":"ONDA C"}]
[27/05/2026, 14:36:19] [INFO] Ondas encontradas e formatadas: [{"onda":"ONDA BC"},{"onda":"ONDA BB"},{"onda":"ONDA B"},{"onda":"ONDA BC"},{"onda":"ONDA C"}]
[27/05/2026, 14:36:19] [INFO] Ondas encontradas e formatadas: [{"onda":"ONDA BC"},{"onda":"ONDA BB"},{"onda":"ONDA B"},{"onda":"ONDA BC"},{"onda":"ONDA C"}]
[27/05/2026, 14:36:19] [INFO] Ondas encontradas e formatadas: [{"onda":"ONDA BC"},{"onda":"ONDA BB"},{"onda":"ONDA B"},{"onda":"ONDA BC"},{"onda":"ONDA C"}]
[27/05/2026, 14:36:20] [INFO] Ondas encontradas e formatadas: [{"onda":"ONDA BC"},{"onda":"ONDA BB"},{"onda":"ONDA B"},{"onda":"ONDA BC"},{"onda":"ONDA C"}]
[27/05/2026, 14:36:20] [INFO] Ondas encontradas e formatadas: [{"onda":"ONDA BC"},{"onda":"ONDA BB"},{"onda":"ONDA B"},{"onda":"ONDA BC"},{"onda":"ONDA C"}]
[27/05/2026, 14:36:20] [INFO] Ondas encontradas e formatadas: [{"onda":"ONDA BC"},{"onda":"ONDA BB"},{"onda":"ONDA B"},{"onda":"ONDA BC"},{"onda":"ONDA C"}]
[27/05/2026, 14:36:20] [INFO] Ondas encontradas e formatadas: [{"onda":"ONDA BC"},{"onda":"ONDA BB"},{"onda":"ONDA B"},{"onda":"ONDA BC"},{"onda":"ONDA C"}]
[27/05/2026, 14:36:20] [INFO] Ondas encontradas e formatadas: [{"onda":"ONDA BC"},{"onda":"ONDA BB"},{"onda":"ONDA B"},{"onda":"ONDA BC"},{"onda":"ONDA C"}]
[27/05/2026, 14:36:20] [INFO] Ondas encontradas e formatadas: [{"onda":"ONDA BC"},{"onda":"ONDA BB"},{"onda":"ONDA B"},{"onda":"ONDA BC"},{"onda":"ONDA C"}]
[27/05/2026, 14:36:21] [INFO] Ondas encontradas e formatadas: [{"onda":"ONDA BC"},{"onda":"ONDA BB"},{"onda":"ONDA B"},{"onda":"ONDA BC"},{"onda":"ONDA C"}]
[27/05/2026, 14:36:21] [INFO] Ondas encontradas e formatadas: [{"onda":"ONDA BC"},{"onda":"ONDA BB"},{"onda":"ONDA B"},{"onda":"ONDA BC"},{"onda":"ONDA C"}]
[27/05/2026, 14:36:21] [INFO] Ondas encontradas e formatadas: [{"onda":"ONDA BC"},{"onda":"ONDA BB"},{"onda":"ONDA B"},{"onda":"ONDA BC"},{"onda":"ONDA C"}]
[27/05/2026, 14:36:21] [INFO] Ondas encontradas e formatadas: [{"onda":"ONDA BC"},{"onda":"ONDA BB"},{"onda":"ONDA B"},{"onda":"ONDA BC"},{"onda":"ONDA C"}]
[27/05/2026, 14:36:21] [INFO] Ondas encontradas e formatadas: [{"onda":"ONDA BC"},{"onda":"ONDA BB"},{"onda":"ONDA B"},{"onda":"ONDA BC"},{"onda":"ONDA C"}]
[27/05/2026, 14:36:21] [INFO] Ondas encontradas e formatadas: [{"onda":"ONDA BC"},{"onda":"ONDA BB"},{"onda":"ONDA B"},{"onda":"ONDA BC"},{"onda":"ONDA C"}]
[27/05/2026, 14:36:22] [INFO] Ondas encontradas e formatadas: [{"onda":"ONDA BC"},{"onda":"ONDA BB"},{"onda":"ONDA B"},{"onda":"ONDA BC"},{"onda":"ONDA C"}]
[27/05/2026, 14:36:22] [INFO] Ondas encontradas e formatadas: [{"onda":"ONDA BC"},{"onda":"ONDA BB"},{"onda":"ONDA B"},{"onda":"ONDA BC"},{"onda":"ONDA C"}]
[27/05/2026, 14:36:22] [INFO] Ondas encontradas e formatadas: [{"onda":"ONDA BC"},{"onda":"ONDA BB"},{"onda":"ONDA B"},{"onda":"ONDA BC"},{"onda":"ONDA C"}]
[27/05/2026, 14:36:22] [INFO] Ondas encontradas e formatadas: [{"onda":"ONDA BC"},{"onda":"ONDA BB"},{"onda":"ONDA B"},{"onda":"ONDA BC"},{"onda":"ONDA C"}]
[27/05/2026, 14:36:22] [INFO] Ondas encontradas e formatadas: [{"onda":"ONDA BC"},{"onda":"ONDA BB"},{"onda":"ONDA B"},{"onda":"ONDA BC"},{"onda":"ONDA C"}]
[27/05/2026, 14:36:23] [INFO] Ondas encontradas e formatadas: [{"onda":"ONDA BC"},{"onda":"ONDA BB"},{"onda":"ONDA B"},{"onda":"ONDA BC"},{"onda":"ONDA C"}]
[27/05/2026, 14:36:23] [INFO] Ondas encontradas e formatadas: [{"onda":"ONDA BC"},{"onda":"ONDA BB"},{"onda":"ONDA B"},{"onda":"ONDA BC"},{"onda":"ONDA C"}]
[27/05/2026, 14:36:23] [INFO] Ondas encontradas e formatadas: [{"onda":"ONDA BC"},{"onda":"ONDA BB"},{"onda":"ONDA B"},{"onda":"ONDA BC"},{"onda":"ONDA C"}]
[27/05/2026, 14:36:23] [INFO] Ondas encontradas e formatadas: [{"onda":"ONDA BC"},{"onda":"ONDA BB"},{"onda":"ONDA B"},{"onda":"ONDA BC"},{"onda":"ONDA C"}]
[27/05/2026, 14:36:23] [INFO] Ondas encontradas e formatadas: [{"onda":"ONDA BC"},{"onda":"ONDA BB"},{"onda":"ONDA B"},{"onda":"ONDA BC"},{"onda":"ONDA C"}]
[27/05/2026, 14:36:23] [INFO] Ondas encontradas e formatadas: [{"onda":"ONDA BC"},{"onda":"ONDA BB"},{"onda":"ONDA B"},{"onda":"ONDA BC"},{"onda":"ONDA C"}]
[27/05/2026, 14:36:24] [INFO] Ondas encontradas e formatadas: [{"onda":"ONDA BC"},{"onda":"ONDA BB"},{"onda":"ONDA B"},{"onda":"ONDA BC"},{"onda":"ONDA C"}]
[27/05/2026, 14:36:24] [INFO] Ondas encontradas e formatadas: [{"onda":"ONDA BC"},{"onda":"ONDA BB"},{"onda":"ONDA B"},{"onda":"ONDA BC"},{"onda":"ONDA C"}]
[27/05/2026, 14:36:24] [INFO] Ondas encontradas e formatadas: [{"onda":"ONDA BC"},{"onda":"ONDA BB"},{"onda":"ONDA B"},{"onda":"ONDA BC"},{"onda":"ONDA C"}]
[27/05/2026, 14:36:24] [INFO] Ondas encontradas e formatadas: [{"onda":"ONDA BC"},{"onda":"ONDA BB"},{"onda":"ONDA B"},{"onda":"ONDA BC"},{"onda":"ONDA C"}]
[27/05/2026, 14:36:24] [INFO] Ondas encontradas e formatadas: [{"onda":"ONDA BC"},{"onda":"ONDA BB"},{"onda":"ONDA B"},{"onda":"ONDA BC"},{"onda":"ONDA C"}]
[27/05/2026, 14:36:24] [INFO] Ondas encontradas e formatadas: [{"onda":"ONDA BC"},{"onda":"ONDA BB"},{"onda":"ONDA B"},{"onda":"ONDA BC"},{"onda":"ONDA C"}]
[27/05/2026, 14:36:25] [INFO] Ondas encontradas e formatadas: [{"onda":"ONDA BC"},{"onda":"ONDA BB"},{"onda":"ONDA B"},{"onda":"ONDA BC"},{"onda":"ONDA C"}]
[27/05/2026, 14:36:25] [INFO] Ondas encontradas e formatadas: [{"onda":"ONDA BC"},{"onda":"ONDA BB"},{"onda":"ONDA B"},{"onda":"ONDA BC"},{"onda":"ONDA C"}]
[27/05/2026, 14:36:25] [INFO] Ondas encontradas e formatadas: [{"onda":"ONDA BC"},{"onda":"ONDA BB"},{"onda":"ONDA B"},{"onda":"ONDA BC"},{"onda":"ONDA C"}]
[27/05/2026, 14:36:25] [INFO] Ondas encontradas e formatadas: [{"onda":"ONDA BC"},{"onda":"ONDA BB"},{"onda":"ONDA B"},{"onda":"ONDA BC"},{"onda":"ONDA C"}]
[27/05/2026, 14:36:25] [INFO] Ondas encontradas e formatadas: [{"onda":"ONDA BC"},{"onda":"ONDA BB"},{"onda":"ONDA B"},{"onda":"ONDA BC"},{"onda":"ONDA C"}]
[27/05/2026, 14:36:26] [INFO] Ondas encontradas e formatadas: [{"onda":"ONDA BC"},{"onda":"ONDA BB"},{"onda":"ONDA B"},{"onda":"ONDA BC"},{"onda":"ONDA C"}]
[27/05/2026, 14:36:26] [INFO] Ondas encontradas e formatadas: [{"onda":"ONDA BC"},{"onda":"ONDA BB"},{"onda":"ONDA B"},{"onda":"ONDA BC"},{"onda":"ONDA C"}]
[27/05/2026, 14:36:26] [INFO] Ondas encontradas e formatadas: [{"onda":"ONDA BC"},{"onda":"ONDA BB"},{"onda":"ONDA B"},{"onda":"ONDA BC"},{"onda":"ONDA C"}]
[27/05/2026, 14:36:26] [INFO] Ondas encontradas e formatadas: [{"onda":"ONDA BC"},{"onda":"ONDA BB"},{"onda":"ONDA B"},{"onda":"ONDA BC"},{"onda":"ONDA C"}]
[27/05/2026, 14:36:26] [INFO] Ondas encontradas e formatadas: [{"onda":"ONDA BC"},{"onda":"ONDA BB"},{"onda":"ONDA B"},{"onda":"ONDA BC"},{"onda":"ONDA C"}]
[27/05/2026, 14:36:26] [INFO] Ondas encontradas e formatadas: [{"onda":"ONDA BC"},{"onda":"ONDA BB"},{"onda":"ONDA B"},{"onda":"ONDA BC"},{"onda":"ONDA C"}]
[27/05/2026, 14:36:27] [INFO] Ondas encontradas e formatadas: [{"onda":"ONDA BC"},{"onda":"ONDA BB"},{"onda":"ONDA B"},{"onda":"ONDA BC"},{"onda":"ONDA C"}]
[27/05/2026, 14:36:27] [INFO] Ondas encontradas e formatadas: [{"onda":"ONDA BC"},{"onda":"ONDA BB"},{"onda":"ONDA B"},{"onda":"ONDA BC"},{"onda":"ONDA C"}]
[27/05/2026, 14:36:27] [INFO] Ondas encontradas e formatadas: [{"onda":"ONDA BC"},{"onda":"ONDA BB"},{"onda":"ONDA B"},{"onda":"ONDA BC"},{"onda":"ONDA C"}]
[27/05/2026, 14:36:27] [INFO] Ondas encontradas e formatadas: [{"onda":"ONDA BC"},{"onda":"ONDA BB"},{"onda":"ONDA B"},{"onda":"ONDA BC"},{"onda":"ONDA C"}]
[27/05/2026, 14:36:27] [INFO] Ondas encontradas e formatadas: [{"onda":"ONDA BC"},{"onda":"ONDA BB"},{"onda":"ONDA B"},{"onda":"ONDA BC"},{"onda":"ONDA C"}]
[27/05/2026, 14:36:27] [INFO] Ondas encontradas e formatadas: [{"onda":"ONDA BC"},{"onda":"ONDA BB"},{"onda":"ONDA B"},{"onda":"ONDA BC"},{"onda":"ONDA C"}]
[27/05/2026, 14:36:28] [INFO] Ondas encontradas e formatadas: [{"onda":"ONDA BC"},{"onda":"ONDA BB"},{"onda":"ONDA B"},{"onda":"ONDA BC"},{"onda":"ONDA C"}]
[27/05/2026, 14:36:28] [INFO] Ondas encontradas e formatadas: [{"onda":"ONDA BC"},{"onda":"ONDA BB"},{"onda":"ONDA B"},{"onda":"ONDA BC"},{"onda":"ONDA C"}]
[27/05/2026, 14:36:28] [INFO] Ondas encontradas e formatadas: [{"onda":"ONDA BC"},{"onda":"ONDA BB"},{"onda":"ONDA B"},{"onda":"ONDA BC"},{"onda":"ONDA C"}]
[27/05/2026, 14:36:28] [INFO] Ondas encontradas e formatadas: [{"onda":"ONDA BC"},{"onda":"ONDA BB"},{"onda":"ONDA B"},{"onda":"ONDA BC"},{"onda":"ONDA C"}]
[27/05/2026, 14:36:28] [INFO] Ondas encontradas e formatadas: [{"onda":"ONDA BC"},{"onda":"ONDA BB"},{"onda":"ONDA B"},{"onda":"ONDA BC"},{"onda":"ONDA C"}]
[27/05/2026, 14:36:28] [INFO] Ondas encontradas e formatadas: [{"onda":"ONDA BC"},{"onda":"ONDA BB"},{"onda":"ONDA B"},{"onda":"ONDA BC"},{"onda":"ONDA C"}]
[27/05/2026, 14:36:29] [INFO] Ondas encontradas e formatadas: [{"onda":"ONDA BC"},{"onda":"ONDA BB"},{"onda":"ONDA B"},{"onda":"ONDA BC"},{"onda":"ONDA C"}]
[27/05/2026, 14:36:29] [INFO] Ondas encontradas e formatadas: [{"onda":"ONDA BC"},{"onda":"ONDA BB"},{"onda":"ONDA B"},{"onda":"ONDA BC"},{"onda":"ONDA C"}]
[27/05/2026, 14:36:29] [INFO] Ondas encontradas e formatadas: [{"onda":"ONDA BC"},{"onda":"ONDA BB"},{"onda":"ONDA B"},{"onda":"ONDA BC"},{"onda":"ONDA C"}]
[27/05/2026, 14:36:29] [INFO] Ondas encontradas e formatadas: [{"onda":"ONDA BC"},{"onda":"ONDA BB"},{"onda":"ONDA B"},{"onda":"ONDA BC"},{"onda":"ONDA C"}]
[27/05/2026, 14:36:29] [INFO] Ondas encontradas e formatadas: [{"onda":"ONDA BC"},{"onda":"ONDA BB"},{"onda":"ONDA B"},{"onda":"ONDA BC"},{"onda":"ONDA C"}]
[27/05/2026, 14:36:29] [INFO] Ondas encontradas e formatadas: [{"onda":"ONDA BC"},{"onda":"ONDA BB"},{"onda":"ONDA B"},{"onda":"ONDA BC"},{"onda":"ONDA C"}]
[27/05/2026, 14:36:30] [INFO] Ondas encontradas e formatadas: [{"onda":"ONDA BC"},{"onda":"ONDA BB"},{"onda":"ONDA B"},{"onda":"ONDA BC"},{"onda":"ONDA C"}]
[27/05/2026, 14:36:30] [INFO] Ondas encontradas e formatadas: [{"onda":"ONDA BC"},{"onda":"ONDA BB"},{"onda":"ONDA B"},{"onda":"ONDA BC"},{"onda":"ONDA C"}]
[27/05/2026, 14:36:30] [INFO] Ondas encontradas e formatadas: [{"onda":"ONDA BC"},{"onda":"ONDA BB"},{"onda":"ONDA B"},{"onda":"ONDA BC"},{"onda":"ONDA C"}]
[27/05/2026, 14:36:30] [INFO] Ondas encontradas e formatadas: [{"onda":"ONDA BC"},{"onda":"ONDA BB"},{"onda":"ONDA B"},{"onda":"ONDA BC"},{"onda":"ONDA C"}]
[27/05/2026, 14:36:30] [INFO] Ondas encontradas e formatadas: [{"onda":"ONDA BC"},{"onda":"ONDA BB"},{"onda":"ONDA B"},{"onda":"ONDA BC"},{"onda":"ONDA C"}]
[27/05/2026, 14:36:31] [INFO] Ondas encontradas e formatadas: [{"onda":"ONDA BC"},{"onda":"ONDA BB"},{"onda":"ONDA B"},{"onda":"ONDA BC"},{"onda":"ONDA C"}]
[27/05/2026, 14:36:31] [INFO] Ondas encontradas e formatadas: [{"onda":"ONDA BC"},{"onda":"ONDA BB"},{"onda":"ONDA B"},{"onda":"ONDA BC"},{"onda":"ONDA C"}]
[27/05/2026, 14:36:31] [INFO] Ondas encontradas e formatadas: [{"onda":"ONDA BC"},{"onda":"ONDA BB"},{"onda":"ONDA B"},{"onda":"ONDA BC"},{"onda":"ONDA C"}]
[27/05/2026, 14:36:31] [INFO] Ondas encontradas e formatadas: [{"onda":"ONDA BC"},{"onda":"ONDA BB"},{"onda":"ONDA B"},{"onda":"ONDA BC"},{"onda":"ONDA C"}]
[27/05/2026, 14:36:31] [INFO] Ondas encontradas e formatadas: [{"onda":"ONDA BC"},{"onda":"ONDA BB"},{"onda":"ONDA B"},{"onda":"ONDA BC"},{"onda":"ONDA C"}]
[27/05/2026, 14:36:31] [INFO] Ondas encontradas e formatadas: [{"onda":"ONDA BC"},{"onda":"ONDA BB"},{"onda":"ONDA B"},{"onda":"ONDA BC"},{"onda":"ONDA C"}]
[27/05/2026, 14:36:32] [INFO] Ondas encontradas e formatadas: [{"onda":"ONDA BC"},{"onda":"ONDA BB"},{"onda":"ONDA B"},{"onda":"ONDA BC"},{"onda":"ONDA C"}]
[27/05/2026, 14:36:32] [INFO] Ondas encontradas e formatadas: [{"onda":"ONDA BC"},{"onda":"ONDA BB"},{"onda":"ONDA B"},{"onda":"ONDA BC"},{"onda":"ONDA C"}]
[27/05/2026, 14:36:32] [INFO] Ondas encontradas e formatadas: [{"onda":"ONDA BC"},{"onda":"ONDA BB"},{"onda":"ONDA B"},{"onda":"ONDA BC"},{"onda":"ONDA C"}]
[27/05/2026, 14:36:32] [INFO] Ondas encontradas e formatadas: [{"onda":"ONDA BC"},{"onda":"ONDA BB"},{"onda":"ONDA B"},{"onda":"ONDA BC"},{"onda":"ONDA C"}]
[27/05/2026, 14:36:32] [INFO] Ondas encontradas e formatadas: [{"onda":"ONDA BC"},{"onda":"ONDA BB"},{"onda":"ONDA B"},{"onda":"ONDA BC"},{"onda":"ONDA C"}]
[27/05/2026, 14:46:27] [INFO] Ondas encontradas e formatadas: [{"onda":"ONDA BC"},{"onda":"ONDA BB"},{"onda":"ONDA B"},{"onda":"ONDA BC"},{"onda":"ONDA C"}]
[27/05/2026, 14:46:27] [INFO] Ondas encontradas e formatadas: [{"onda":"ONDA BC"},{"onda":"ONDA BB"},{"onda":"ONDA B"},{"onda":"ONDA BC"},{"onda":"ONDA C"}]
[27/05/2026, 14:46:28] [INFO] Ondas encontradas e formatadas: [{"onda":"ONDA BC"},{"onda":"ONDA BB"},{"onda":"ONDA B"},{"onda":"ONDA BC"},{"onda":"ONDA C"}]
[27/05/2026, 14:46:28] [INFO] Ondas encontradas e formatadas: [{"onda":"ONDA BC"},{"onda":"ONDA BB"},{"onda":"ONDA B"},{"onda":"ONDA BC"},{"onda":"ONDA C"}]
[27/05/2026, 14:46:28] [INFO] Ondas encontradas e formatadas: [{"onda":"ONDA BC"},{"onda":"ONDA BB"},{"onda":"ONDA B"},{"onda":"ONDA BC"},{"onda":"ONDA C"}]
[27/05/2026, 14:46:28] [INFO] Ondas encontradas e formatadas: [{"onda":"ONDA BC"},{"onda":"ONDA BB"},{"onda":"ONDA B"},{"onda":"ONDA BC"},{"onda":"ONDA C"}]
[27/05/2026, 14:46:28] [INFO] Ondas encontradas e formatadas: [{"onda":"ONDA BC"},{"onda":"ONDA BB"},{"onda":"ONDA B"},{"onda":"ONDA BC"},{"onda":"ONDA C"}]
[27/05/2026, 14:46:28] [INFO] Ondas encontradas e formatadas: [{"onda":"ONDA BC"},{"onda":"ONDA BB"},{"onda":"ONDA B"},{"onda":"ONDA BC"},{"onda":"ONDA C"}]
[27/05/2026, 14:46:28] [INFO] Ondas encontradas e formatadas: [{"onda":"ONDA BC"},{"onda":"ONDA BB"},{"onda":"ONDA B"},{"onda":"ONDA BC"},{"onda":"ONDA C"}]
[27/05/2026, 14:46:29] [INFO] Ondas encontradas e formatadas: [{"onda":"ONDA BC"},{"onda":"ONDA BB"},{"onda":"ONDA B"},{"onda":"ONDA BC"},{"onda":"ONDA C"}]
[27/05/2026, 14:46:29] [INFO] Ondas encontradas e formatadas: [{"onda":"ONDA BC"},{"onda":"ONDA BB"},{"onda":"ONDA B"},{"onda":"ONDA BC"},{"onda":"ONDA C"}]
[27/05/2026, 14:46:29] [INFO] Ondas encontradas e formatadas: [{"onda":"ONDA BC"},{"onda":"ONDA BB"},{"onda":"ONDA B"},{"onda":"ONDA BC"},{"onda":"ONDA C"}]
[27/05/2026, 14:46:29] [INFO] Ondas encontradas e formatadas: [{"onda":"ONDA BC"},{"onda":"ONDA BB"},{"onda":"ONDA B"},{"onda":"ONDA BC"},{"onda":"ONDA C"}]
[27/05/2026, 14:46:29] [INFO] Ondas encontradas e formatadas: [{"onda":"ONDA BC"},{"onda":"ONDA BB"},{"onda":"ONDA B"},{"onda":"ONDA BC"},{"onda":"ONDA C"}]
[27/05/2026, 14:46:29] [INFO] Ondas encontradas e formatadas: [{"onda":"ONDA BC"},{"onda":"ONDA BB"},{"onda":"ONDA B"},{"onda":"ONDA BC"},{"onda":"ONDA C"}]
[27/05/2026, 14:46:30] [INFO] Ondas encontradas e formatadas: [{"onda":"ONDA BC"},{"onda":"ONDA BB"},{"onda":"ONDA B"},{"onda":"ONDA BC"},{"onda":"ONDA C"}]
[27/05/2026, 14:46:30] [INFO] Ondas encontradas e formatadas: [{"onda":"ONDA BC"},{"onda":"ONDA BB"},{"onda":"ONDA B"},{"onda":"ONDA BC"},{"onda":"ONDA C"}]
[27/05/2026, 14:46:30] [INFO] Ondas encontradas e formatadas: [{"onda":"ONDA BC"},{"onda":"ONDA BB"},{"onda":"ONDA B"},{"onda":"ONDA BC"},{"onda":"ONDA C"}]
[27/05/2026, 14:46:30] [INFO] Ondas encontradas e formatadas: [{"onda":"ONDA BC"},{"onda":"ONDA BB"},{"onda":"ONDA B"},{"onda":"ONDA BC"},{"onda":"ONDA C"}]
[27/05/2026, 14:46:30] [INFO] Ondas encontradas e formatadas: [{"onda":"ONDA BC"},{"onda":"ONDA BB"},{"onda":"ONDA B"},{"onda":"ONDA BC"},{"onda":"ONDA C"}]
[27/05/2026, 14:46:30] [INFO] Ondas encontradas e formatadas: [{"onda":"ONDA BC"},{"onda":"ONDA BB"},{"onda":"ONDA B"},{"onda":"ONDA BC"},{"onda":"ONDA C"}]
[27/05/2026, 14:46:31] [INFO] Ondas encontradas e formatadas: [{"onda":"ONDA BC"},{"onda":"ONDA BB"},{"onda":"ONDA B"},{"onda":"ONDA BC"},{"onda":"ONDA C"}]
[27/05/2026, 14:46:31] [INFO] Ondas encontradas e formatadas: [{"onda":"ONDA BC"},{"onda":"ONDA BB"},{"onda":"ONDA B"},{"onda":"ONDA BC"},{"onda":"ONDA C"}]
[27/05/2026, 14:46:31] [INFO] Ondas encontradas e formatadas: [{"onda":"ONDA BC"},{"onda":"ONDA BB"},{"onda":"ONDA B"},{"onda":"ONDA BC"},{"onda":"ONDA C"}]
[27/05/2026, 14:46:31] [INFO] Ondas encontradas e formatadas: [{"onda":"ONDA BC"},{"onda":"ONDA BB"},{"onda":"ONDA B"},{"onda":"ONDA BC"},{"onda":"ONDA C"}]
[27/05/2026, 14:46:31] [INFO] Ondas encontradas e formatadas: [{"onda":"ONDA BC"},{"onda":"ONDA BB"},{"onda":"ONDA B"},{"onda":"ONDA BC"},{"onda":"ONDA C"}]
[27/05/2026, 14:46:31] [INFO] Ondas encontradas e formatadas: [{"onda":"ONDA BC"},{"onda":"ONDA BB"},{"onda":"ONDA B"},{"onda":"ONDA BC"},{"onda":"ONDA C"}]
[27/05/2026, 14:46:31] [INFO] Ondas encontradas e formatadas: [{"onda":"ONDA BC"},{"onda":"ONDA BB"},{"onda":"ONDA B"},{"onda":"ONDA BC"},{"onda":"ONDA C"}]
[27/05/2026, 14:46:32] [INFO] Ondas encontradas e formatadas: [{"onda":"ONDA BC"},{"onda":"ONDA BB"},{"onda":"ONDA B"},{"onda":"ONDA BC"},{"onda":"ONDA C"}]
[27/05/2026, 14:46:32] [INFO] Ondas encontradas e formatadas: [{"onda":"ONDA BC"},{"onda":"ONDA BB"},{"onda":"ONDA B"},{"onda":"ONDA BC"},{"onda":"ONDA C"}]
[27/05/2026, 14:46:32] [INFO] Ondas encontradas e formatadas: [{"onda":"ONDA BC"},{"onda":"ONDA BB"},{"onda":"ONDA B"},{"onda":"ONDA BC"},{"onda":"ONDA C"}]
[27/05/2026, 14:46:32] [INFO] Ondas encontradas e formatadas: [{"onda":"ONDA BC"},{"onda":"ONDA BB"},{"onda":"ONDA B"},{"onda":"ONDA BC"},{"onda":"ONDA C"}]
[27/05/2026, 14:46:32] [INFO] Ondas encontradas e formatadas: [{"onda":"ONDA BC"},{"onda":"ONDA BB"},{"onda":"ONDA B"},{"onda":"ONDA BC"},{"onda":"ONDA C"}]
[27/05/2026, 14:46:32] [INFO] Ondas encontradas e formatadas: [{"onda":"ONDA BC"},{"onda":"ONDA BB"},{"onda":"ONDA B"},{"onda":"ONDA BC"},{"onda":"ONDA C"}]
[27/05/2026, 14:46:33] [INFO] Ondas encontradas e formatadas: [{"onda":"ONDA BC"},{"onda":"ONDA BB"},{"onda":"ONDA B"},{"onda":"ONDA BC"},{"onda":"ONDA C"}]
[27/05/2026, 14:46:33] [INFO] Ondas encontradas e formatadas: [{"onda":"ONDA BC"},{"onda":"ONDA BB"},{"onda":"ONDA B"},{"onda":"ONDA BC"},{"onda":"ONDA C"}]
[27/05/2026, 14:46:33] [INFO] Ondas encontradas e formatadas: [{"onda":"ONDA BC"},{"onda":"ONDA BB"},{"onda":"ONDA B"},{"onda":"ONDA BC"},{"onda":"ONDA C"}]
[27/05/2026, 14:46:33] [INFO] Ondas encontradas e formatadas: [{"onda":"ONDA BC"},{"onda":"ONDA BB"},{"onda":"ONDA B"},{"onda":"ONDA BC"},{"onda":"ONDA C"}]
[27/05/2026, 14:46:33] [INFO] Ondas encontradas e formatadas: [{"onda":"ONDA BC"},{"onda":"ONDA BB"},{"onda":"ONDA B"},{"onda":"ONDA BC"},{"onda":"ONDA C"}]
[27/05/2026, 14:46:33] [INFO] Ondas encontradas e formatadas: [{"onda":"ONDA BC"},{"onda":"ONDA BB"},{"onda":"ONDA B"},{"onda":"ONDA BC"},{"onda":"ONDA C"}]
[27/05/2026, 14:46:33] [INFO] Ondas encontradas e formatadas: [{"onda":"ONDA BC"},{"onda":"ONDA BB"},{"onda":"ONDA B"},{"onda":"ONDA BC"},{"onda":"ONDA C"}]
[27/05/2026, 14:46:34] [INFO] Ondas encontradas e formatadas: [{"onda":"ONDA BC"},{"onda":"ONDA BB"},{"onda":"ONDA B"},{"onda":"ONDA BC"},{"onda":"ONDA C"}]
[27/05/2026, 14:46:34] [INFO] Ondas encontradas e formatadas: [{"onda":"ONDA BC"},{"onda":"ONDA BB"},{"onda":"ONDA B"},{"onda":"ONDA BC"},{"onda":"ONDA C"}]
[27/05/2026, 14:46:34] [INFO] Ondas encontradas e formatadas: [{"onda":"ONDA BC"},{"onda":"ONDA BB"},{"onda":"ONDA B"},{"onda":"ONDA BC"},{"onda":"ONDA C"}]
[27/05/2026, 14:46:34] [INFO] Ondas encontradas e formatadas: [{"onda":"ONDA BC"},{"onda":"ONDA BB"},{"onda":"ONDA B"},{"onda":"ONDA BC"},{"onda":"ONDA C"}]
[27/05/2026, 14:46:34] [INFO] Ondas encontradas e formatadas: [{"onda":"ONDA BC"},{"onda":"ONDA BB"},{"onda":"ONDA B"},{"onda":"ONDA BC"},{"onda":"ONDA C"}]
[27/05/2026, 14:46:34] [INFO] Ondas encontradas e formatadas: [{"onda":"ONDA BC"},{"onda":"ONDA BB"},{"onda":"ONDA B"},{"onda":"ONDA BC"},{"onda":"ONDA C"}]
[27/05/2026, 14:46:35] [INFO] Ondas encontradas e formatadas: [{"onda":"ONDA BC"},{"onda":"ONDA BB"},{"onda":"ONDA B"},{"onda":"ONDA BC"},{"onda":"ONDA C"}]
[27/05/2026, 14:46:35] [INFO] Ondas encontradas e formatadas: [{"onda":"ONDA BC"},{"onda":"ONDA BB"},{"onda":"ONDA B"},{"onda":"ONDA BC"},{"onda":"ONDA C"}]
[27/05/2026, 14:46:35] [INFO] Ondas encontradas e formatadas: [{"onda":"ONDA BC"},{"onda":"ONDA BB"},{"onda":"ONDA B"},{"onda":"ONDA BC"},{"onda":"ONDA C"}]
[27/05/2026, 14:46:35] [INFO] Ondas encontradas e formatadas: [{"onda":"ONDA BC"},{"onda":"ONDA BB"},{"onda":"ONDA B"},{"onda":"ONDA BC"},{"onda":"ONDA C"}]
[27/05/2026, 14:46:35] [INFO] Ondas encontradas e formatadas: [{"onda":"ONDA BC"},{"onda":"ONDA BB"},{"onda":"ONDA B"},{"onda":"ONDA BC"},{"onda":"ONDA C"}]
[27/05/2026, 14:46:35] [INFO] Ondas encontradas e formatadas: [{"onda":"ONDA BC"},{"onda":"ONDA BB"},{"onda":"ONDA B"},{"onda":"ONDA BC"},{"onda":"ONDA C"}]
[27/05/2026, 14:46:36] [INFO] Ondas encontradas e formatadas: [{"onda":"ONDA BC"},{"onda":"ONDA BB"},{"onda":"ONDA B"},{"onda":"ONDA BC"},{"onda":"ONDA C"}]
[27/05/2026, 14:46:36] [INFO] Ondas encontradas e formatadas: [{"onda":"ONDA BC"},{"onda":"ONDA BB"},{"onda":"ONDA B"},{"onda":"ONDA BC"},{"onda":"ONDA C"}]
[27/05/2026, 14:46:36] [INFO] Ondas encontradas e formatadas: [{"onda":"ONDA BC"},{"onda":"ONDA BB"},{"onda":"ONDA B"},{"onda":"ONDA BC"},{"onda":"ONDA C"}]
[27/05/2026, 14:46:36] [INFO] Ondas encontradas e formatadas: [{"onda":"ONDA BC"},{"onda":"ONDA BB"},{"onda":"ONDA B"},{"onda":"ONDA BC"},{"onda":"ONDA C"}]
[27/05/2026, 14:46:36] [INFO] Ondas encontradas e formatadas: [{"onda":"ONDA BC"},{"onda":"ONDA BB"},{"onda":"ONDA B"},{"onda":"ONDA BC"},{"onda":"ONDA C"}]
[27/05/2026, 14:46:36] [INFO] Ondas encontradas e formatadas: [{"onda":"ONDA BC"},{"onda":"ONDA BB"},{"onda":"ONDA B"},{"onda":"ONDA BC"},{"onda":"ONDA C"}]
[27/05/2026, 14:46:36] [INFO] Ondas encontradas e formatadas: [{"onda":"ONDA BC"},{"onda":"ONDA BB"},{"onda":"ONDA B"},{"onda":"ONDA BC"},{"onda":"ONDA C"}]
[27/05/2026, 14:46:37] [INFO] Ondas encontradas e formatadas: [{"onda":"ONDA BC"},{"onda":"ONDA BB"},{"onda":"ONDA B"},{"onda":"ONDA BC"},{"onda":"ONDA C"}]
[27/05/2026, 14:46:37] [INFO] Ondas encontradas e formatadas: [{"onda":"ONDA BC"},{"onda":"ONDA BB"},{"onda":"ONDA B"},{"onda":"ONDA BC"},{"onda":"ONDA C"}]
[27/05/2026, 14:46:37] [INFO] Ondas encontradas e formatadas: [{"onda":"ONDA BC"},{"onda":"ONDA BB"},{"onda":"ONDA B"},{"onda":"ONDA BC"},{"onda":"ONDA C"}]
[27/05/2026, 14:46:37] [INFO] Ondas encontradas e formatadas: [{"onda":"ONDA BC"},{"onda":"ONDA BB"},{"onda":"ONDA B"},{"onda":"ONDA BC"},{"onda":"ONDA C"}]
[27/05/2026, 14:46:37] [INFO] Ondas encontradas e formatadas: [{"onda":"ONDA BC"},{"onda":"ONDA BB"},{"onda":"ONDA B"},{"onda":"ONDA BC"},{"onda":"ONDA C"}]
[27/05/2026, 14:46:37] [INFO] Ondas encontradas e formatadas: [{"onda":"ONDA BC"},{"onda":"ONDA BB"},{"onda":"ONDA B"},{"onda":"ONDA BC"},{"onda":"ONDA C"}]
[27/05/2026, 14:46:38] [INFO] Ondas encontradas e formatadas: [{"onda":"ONDA BC"},{"onda":"ONDA BB"},{"onda":"ONDA B"},{"onda":"ONDA BC"},{"onda":"ONDA C"}]
[27/05/2026, 14:46:38] [INFO] Ondas encontradas e formatadas: [{"onda":"ONDA BC"},{"onda":"ONDA BB"},{"onda":"ONDA B"},{"onda":"ONDA BC"},{"onda":"ONDA C"}]
[27/05/2026, 14:46:38] [INFO] Ondas encontradas e formatadas: [{"onda":"ONDA BC"},{"onda":"ONDA BB"},{"onda":"ONDA B"},{"onda":"ONDA BC"},{"onda":"ONDA C"}]
[27/05/2026, 14:46:38] [INFO] Ondas encontradas e formatadas: [{"onda":"ONDA BC"},{"onda":"ONDA BB"},{"onda":"ONDA B"},{"onda":"ONDA BC"},{"onda":"ONDA C"}]
[27/05/2026, 14:46:38] [INFO] Ondas encontradas e formatadas: [{"onda":"ONDA BC"},{"onda":"ONDA BB"},{"onda":"ONDA B"},{"onda":"ONDA BC"},{"onda":"ONDA C"}]
[27/05/2026, 14:46:38] [INFO] Ondas encontradas e formatadas: [{"onda":"ONDA BC"},{"onda":"ONDA BB"},{"onda":"ONDA B"},{"onda":"ONDA BC"},{"onda":"ONDA C"}]
[27/05/2026, 14:46:38] [INFO] Ondas encontradas e formatadas: [{"onda":"ONDA BC"},{"onda":"ONDA BB"},{"onda":"ONDA B"},{"onda":"ONDA BC"},{"onda":"ONDA C"}]
[27/05/2026, 14:46:39] [INFO] Ondas encontradas e formatadas: [{"onda":"ONDA BC"},{"onda":"ONDA BB"},{"onda":"ONDA B"},{"onda":"ONDA BC"},{"onda":"ONDA C"}]
[27/05/2026, 14:46:39] [INFO] Ondas encontradas e formatadas: [{"onda":"ONDA BC"},{"onda":"ONDA BB"},{"onda":"ONDA B"},{"onda":"ONDA BC"},{"onda":"ONDA C"}]
[27/05/2026, 14:47:40] [INFO] Ondas encontradas e formatadas: [{"onda":"ONDA BC"},{"onda":"ONDA BB"},{"onda":"ONDA B"},{"onda":"ONDA BC"},{"onda":"ONDA C"}]
[27/05/2026, 14:47:40] [INFO] Ondas encontradas e formatadas: [{"onda":"ONDA BC"},{"onda":"ONDA BB"},{"onda":"ONDA B"},{"onda":"ONDA BC"},{"onda":"ONDA C"}]
[27/05/2026, 14:47:40] [INFO] Ondas encontradas e formatadas: [{"onda":"ONDA BC"},{"onda":"ONDA BB"},{"onda":"ONDA B"},{"onda":"ONDA BC"},{"onda":"ONDA C"}]
[27/05/2026, 14:47:40] [INFO] Ondas encontradas e formatadas: [{"onda":"ONDA BC"},{"onda":"ONDA BB"},{"onda":"ONDA B"},{"onda":"ONDA BC"},{"onda":"ONDA C"}]
[27/05/2026, 14:47:41] [INFO] Ondas encontradas e formatadas: [{"onda":"ONDA BC"},{"onda":"ONDA BB"},{"onda":"ONDA B"},{"onda":"ONDA BC"},{"onda":"ONDA C"}]
[27/05/2026, 14:47:41] [INFO] Ondas encontradas e formatadas: [{"onda":"ONDA BC"},{"onda":"ONDA BB"},{"onda":"ONDA B"},{"onda":"ONDA BC"},{"onda":"ONDA C"}]
[27/05/2026, 14:47:41] [INFO] Ondas encontradas e formatadas: [{"onda":"ONDA BC"},{"onda":"ONDA BB"},{"onda":"ONDA B"},{"onda":"ONDA BC"},{"onda":"ONDA C"}]
[27/05/2026, 14:47:41] [INFO] Ondas encontradas e formatadas: [{"onda":"ONDA BC"},{"onda":"ONDA BB"},{"onda":"ONDA B"},{"onda":"ONDA BC"},{"onda":"ONDA C"}]
[27/05/2026, 14:47:41] [INFO] Ondas encontradas e formatadas: [{"onda":"ONDA BC"},{"onda":"ONDA BB"},{"onda":"ONDA B"},{"onda":"ONDA BC"},{"onda":"ONDA C"}]
[27/05/2026, 14:47:41] [INFO] Ondas encontradas e formatadas: [{"onda":"ONDA BC"},{"onda":"ONDA BB"},{"onda":"ONDA B"},{"onda":"ONDA BC"},{"onda":"ONDA C"}]
[27/05/2026, 14:47:41] [INFO] Ondas encontradas e formatadas: [{"onda":"ONDA BC"},{"onda":"ONDA BB"},{"onda":"ONDA B"},{"onda":"ONDA BC"},{"onda":"ONDA C"}]
[27/05/2026, 14:47:42] [INFO] Ondas encontradas e formatadas: [{"onda":"ONDA BC"},{"onda":"ONDA BB"},{"onda":"ONDA B"},{"onda":"ONDA BC"},{"onda":"ONDA C"}]
[27/05/2026, 14:47:42] [INFO] Ondas encontradas e formatadas: [{"onda":"ONDA BC"},{"onda":"ONDA BB"},{"onda":"ONDA B"},{"onda":"ONDA BC"},{"onda":"ONDA C"}]
[27/05/2026, 14:47:42] [INFO] Ondas encontradas e formatadas: [{"onda":"ONDA BC"},{"onda":"ONDA BB"},{"onda":"ONDA B"},{"onda":"ONDA BC"},{"onda":"ONDA C"}]
[27/05/2026, 14:47:42] [INFO] Ondas encontradas e formatadas: [{"onda":"ONDA BC"},{"onda":"ONDA BB"},{"onda":"ONDA B"},{"onda":"ONDA BC"},{"onda":"ONDA C"}]
[27/05/2026, 14:47:42] [INFO] Ondas encontradas e formatadas: [{"onda":"ONDA BC"},{"onda":"ONDA BB"},{"onda":"ONDA B"},{"onda":"ONDA BC"},{"onda":"ONDA C"}]
[27/05/2026, 14:47:42] [INFO] Ondas encontradas e formatadas: [{"onda":"ONDA BC"},{"onda":"ONDA BB"},{"onda":"ONDA B"},{"onda":"ONDA BC"},{"onda":"ONDA C"}]
[27/05/2026, 14:47:43] [INFO] Ondas encontradas e formatadas: [{"onda":"ONDA BC"},{"onda":"ONDA BB"},{"onda":"ONDA B"},{"onda":"ONDA BC"},{"onda":"ONDA C"}]
[27/05/2026, 14:47:43] [INFO] Ondas encontradas e formatadas: [{"onda":"ONDA BC"},{"onda":"ONDA BB"},{"onda":"ONDA B"},{"onda":"ONDA BC"},{"onda":"ONDA C"}]
[27/05/2026, 14:47:43] [INFO] Ondas encontradas e formatadas: [{"onda":"ONDA BC"},{"onda":"ONDA BB"},{"onda":"ONDA B"},{"onda":"ONDA BC"},{"onda":"ONDA C"}]
[27/05/2026, 14:47:43] [INFO] Ondas encontradas e formatadas: [{"onda":"ONDA BC"},{"onda":"ONDA BB"},{"onda":"ONDA B"},{"onda":"ONDA BC"},{"onda":"ONDA C"}]
[27/05/2026, 14:47:43] [INFO] Ondas encontradas e formatadas: [{"onda":"ONDA BC"},{"onda":"ONDA BB"},{"onda":"ONDA B"},{"onda":"ONDA BC"},{"onda":"ONDA C"}]
[27/05/2026, 14:47:43] [INFO] Ondas encontradas e formatadas: [{"onda":"ONDA BC"},{"onda":"ONDA BB"},{"onda":"ONDA B"},{"onda":"ONDA BC"},{"onda":"ONDA C"}]
[27/05/2026, 14:47:43] [INFO] Ondas encontradas e formatadas: [{"onda":"ONDA BC"},{"onda":"ONDA BB"},{"onda":"ONDA B"},{"onda":"ONDA BC"},{"onda":"ONDA C"}]
[27/05/2026, 14:47:44] [INFO] Ondas encontradas e formatadas: [{"onda":"ONDA BC"},{"onda":"ONDA BB"},{"onda":"ONDA B"},{"onda":"ONDA BC"},{"onda":"ONDA C"}]
[27/05/2026, 14:47:44] [INFO] Ondas encontradas e formatadas: [{"onda":"ONDA BC"},{"onda":"ONDA BB"},{"onda":"ONDA B"},{"onda":"ONDA BC"},{"onda":"ONDA C"}]
[27/05/2026, 14:47:44] [INFO] Ondas encontradas e formatadas: [{"onda":"ONDA BC"},{"onda":"ONDA BB"},{"onda":"ONDA B"},{"onda":"ONDA BC"},{"onda":"ONDA C"}]
[27/05/2026, 14:47:44] [INFO] Ondas encontradas e formatadas: [{"onda":"ONDA BC"},{"onda":"ONDA BB"},{"onda":"ONDA B"},{"onda":"ONDA BC"},{"onda":"ONDA C"}]
[27/05/2026, 14:47:44] [INFO] Ondas encontradas e formatadas: [{"onda":"ONDA BC"},{"onda":"ONDA BB"},{"onda":"ONDA B"},{"onda":"ONDA BC"},{"onda":"ONDA C"}]
[27/05/2026, 14:47:44] [INFO] Ondas encontradas e formatadas: [{"onda":"ONDA BC"},{"onda":"ONDA BB"},{"onda":"ONDA B"},{"onda":"ONDA BC"},{"onda":"ONDA C"}]
[27/05/2026, 14:47:45] [INFO] Ondas encontradas e formatadas: [{"onda":"ONDA BC"},{"onda":"ONDA BB"},{"onda":"ONDA B"},{"onda":"ONDA BC"},{"onda":"ONDA C"}]
[27/05/2026, 14:47:45] [INFO] Ondas encontradas e formatadas: [{"onda":"ONDA BC"},{"onda":"ONDA BB"},{"onda":"ONDA B"},{"onda":"ONDA BC"},{"onda":"ONDA C"}]
[27/05/2026, 14:47:45] [INFO] Ondas encontradas e formatadas: [{"onda":"ONDA BC"},{"onda":"ONDA BB"},{"onda":"ONDA B"},{"onda":"ONDA BC"},{"onda":"ONDA C"}]
[27/05/2026, 14:47:45] [INFO] Ondas encontradas e formatadas: [{"onda":"ONDA BC"},{"onda":"ONDA BB"},{"onda":"ONDA B"},{"onda":"ONDA BC"},{"onda":"ONDA C"}]
[27/05/2026, 14:47:45] [INFO] Ondas encontradas e formatadas: [{"onda":"ONDA BC"},{"onda":"ONDA BB"},{"onda":"ONDA B"},{"onda":"ONDA BC"},{"onda":"ONDA C"}]
[27/05/2026, 14:47:45] [INFO] Ondas encontradas e formatadas: [{"onda":"ONDA BC"},{"onda":"ONDA BB"},{"onda":"ONDA B"},{"onda":"ONDA BC"},{"onda":"ONDA C"}]
[27/05/2026, 14:47:46] [INFO] Ondas encontradas e formatadas: [{"onda":"ONDA BC"},{"onda":"ONDA BB"},{"onda":"ONDA B"},{"onda":"ONDA BC"},{"onda":"ONDA C"}]
[27/05/2026, 14:47:46] [INFO] Ondas encontradas e formatadas: [{"onda":"ONDA BC"},{"onda":"ONDA BB"},{"onda":"ONDA B"},{"onda":"ONDA BC"},{"onda":"ONDA C"}]
[27/05/2026, 14:47:46] [INFO] Ondas encontradas e formatadas: [{"onda":"ONDA BC"},{"onda":"ONDA BB"},{"onda":"ONDA B"},{"onda":"ONDA BC"},{"onda":"ONDA C"}]
[27/05/2026, 14:47:46] [INFO] Ondas encontradas e formatadas: [{"onda":"ONDA BC"},{"onda":"ONDA BB"},{"onda":"ONDA B"},{"onda":"ONDA BC"},{"onda":"ONDA C"}]
[27/05/2026, 14:47:46] [INFO] Ondas encontradas e formatadas: [{"onda":"ONDA BC"},{"onda":"ONDA BB"},{"onda":"ONDA B"},{"onda":"ONDA BC"},{"onda":"ONDA C"}]
[27/05/2026, 14:47:46] [INFO] Ondas encontradas e formatadas: [{"onda":"ONDA BC"},{"onda":"ONDA BB"},{"onda":"ONDA B"},{"onda":"ONDA BC"},{"onda":"ONDA C"}]
[27/05/2026, 14:47:46] [INFO] Ondas encontradas e formatadas: [{"onda":"ONDA BC"},{"onda":"ONDA BB"},{"onda":"ONDA B"},{"onda":"ONDA BC"},{"onda":"ONDA C"}]
[27/05/2026, 14:47:47] [INFO] Ondas encontradas e formatadas: [{"onda":"ONDA BC"},{"onda":"ONDA BB"},{"onda":"ONDA B"},{"onda":"ONDA BC"},{"onda":"ONDA C"}]
[27/05/2026, 14:47:47] [INFO] Ondas encontradas e formatadas: [{"onda":"ONDA BC"},{"onda":"ONDA BB"},{"onda":"ONDA B"},{"onda":"ONDA BC"},{"onda":"ONDA C"}]
[27/05/2026, 14:47:47] [INFO] Ondas encontradas e formatadas: [{"onda":"ONDA BC"},{"onda":"ONDA BB"},{"onda":"ONDA B"},{"onda":"ONDA BC"},{"onda":"ONDA C"}]
[27/05/2026, 14:47:47] [INFO] Ondas encontradas e formatadas: [{"onda":"ONDA BC"},{"onda":"ONDA BB"},{"onda":"ONDA B"},{"onda":"ONDA BC"},{"onda":"ONDA C"}]
[27/05/2026, 14:47:47] [INFO] Ondas encontradas e formatadas: [{"onda":"ONDA BC"},{"onda":"ONDA BB"},{"onda":"ONDA B"},{"onda":"ONDA BC"},{"onda":"ONDA C"}]
[27/05/2026, 14:47:47] [INFO] Ondas encontradas e formatadas: [{"onda":"ONDA BC"},{"onda":"ONDA BB"},{"onda":"ONDA B"},{"onda":"ONDA BC"},{"onda":"ONDA C"}]
[27/05/2026, 14:47:48] [INFO] Ondas encontradas e formatadas: [{"onda":"ONDA BC"},{"onda":"ONDA BB"},{"onda":"ONDA B"},{"onda":"ONDA BC"},{"onda":"ONDA C"}]
[27/05/2026, 14:47:48] [INFO] Ondas encontradas e formatadas: [{"onda":"ONDA BC"},{"onda":"ONDA BB"},{"onda":"ONDA B"},{"onda":"ONDA BC"},{"onda":"ONDA C"}]
[27/05/2026, 14:47:48] [INFO] Ondas encontradas e formatadas: [{"onda":"ONDA BC"},{"onda":"ONDA BB"},{"onda":"ONDA B"},{"onda":"ONDA BC"},{"onda":"ONDA C"}]
[27/05/2026, 14:47:48] [INFO] Ondas encontradas e formatadas: [{"onda":"ONDA BC"},{"onda":"ONDA BB"},{"onda":"ONDA B"},{"onda":"ONDA BC"},{"onda":"ONDA C"}]
[27/05/2026, 14:47:48] [INFO] Ondas encontradas e formatadas: [{"onda":"ONDA BC"},{"onda":"ONDA BB"},{"onda":"ONDA B"},{"onda":"ONDA BC"},{"onda":"ONDA C"}]
[27/05/2026, 14:47:48] [INFO] Ondas encontradas e formatadas: [{"onda":"ONDA BC"},{"onda":"ONDA BB"},{"onda":"ONDA B"},{"onda":"ONDA BC"},{"onda":"ONDA C"}]
[27/05/2026, 14:47:49] [INFO] Ondas encontradas e formatadas: [{"onda":"ONDA BC"},{"onda":"ONDA BB"},{"onda":"ONDA B"},{"onda":"ONDA BC"},{"onda":"ONDA C"}]
[27/05/2026, 14:47:49] [INFO] Ondas encontradas e formatadas: [{"onda":"ONDA BC"},{"onda":"ONDA BB"},{"onda":"ONDA B"},{"onda":"ONDA BC"},{"onda":"ONDA C"}]
[27/05/2026, 14:47:49] [INFO] Ondas encontradas e formatadas: [{"onda":"ONDA BC"},{"onda":"ONDA BB"},{"onda":"ONDA B"},{"onda":"ONDA BC"},{"onda":"ONDA C"}]
